---
source: crates/oxc_linter/src/tester.rs
assertion_line: 413
---
  ⚠ eslint-plugin-jsdoc(require-public-doc): Missing JSDoc for public export.
   ╭─[require_public_doc.tsx:1:8]
 1 │ export function quux() {}
   ·        ──────────────────
   ╰────
  help: Add a JSDoc comment for this exported API.

  ⚠ eslint-plugin-jsdoc(require-public-doc): Missing JSDoc for public export.
   ╭─[require_public_doc.tsx:1:8]
 1 │ export const bar = () => {};
   ·        ─────────────────────
   ╰────
  help: Add a JSDoc comment for this exported API.

  ⚠ eslint-plugin-jsdoc(require-public-doc): Missing JSDoc for public export.
   ╭─[require_public_doc.tsx:2:10]
 1 │ function foo() {}
 2 │ export { foo };
   ·          ───
   ╰────
  help: Add a JSDoc comment for this exported API.

  ⚠ eslint-plugin-jsdoc(require-public-doc): Missing JSDoc for public export.
   ╭─[require_public_doc.tsx:1:16]
 1 │ export default function quux() {}
   ·                ──────────────────
   ╰────
  help: Add a JSDoc comment for this exported API.
